mvn : WARNING: A 
terminally deprecated 
method in 
sun.misc.Unsafe has 
been called
At line:1 char:1
+ mvn compile > 
build_output.txt 2>&1
+ ~~~~~~~~~~~~~~~~~~~~~
~~~~~~~~~~~~~~
    + CategoryInfo     
         : NotSpecifi  
  ed: (WARNING: A te   
 rm...has been call    
ed:String) [], Rem    
oteException
    + FullyQualifiedEr 
   rorId : NativeComm  
  andError
 
WARNING: sun.misc.Unsaf
e::staticFieldBase has 
been called by com.goog
le.inject.internal.aop.
HiddenClassDefiner (fil
e:/Z:/apache-maven-3.9.
10/lib/guice-5.1.0-clas
ses.jar)
WARNING: Please 
consider reporting 
this to the 
maintainers of class co
m.google.inject.interna
l.aop.HiddenClassDefine
r
WARNING: sun.misc.Unsaf
e::staticFieldBase 
will be removed in a 
future release
[INFO] Scanning for projects...
[INFO] 
[INFO] -------------------< com.jobportal:job-portal-data >--------------------
[INFO] Building JobPortalData 0.0.1-SNAPSHOT
[INFO]   from pom.xml
[INFO] --------------------------------[ jar ]---------------------------------
[INFO] 
[INFO] --- resources:3.3.1:resources (default-resources) @ job-portal-data ---
[INFO] Copying 1 resource from src\main\resources to target\classes
[INFO] Copying 0 resource from src\main\resources to target\classes
[INFO] 
[INFO] --- compiler:3.11.0:compile (default-compile) @ job-portal-data ---
[INFO] Changes detected - recompiling the module! :source
[INFO] Compiling 56 source files with javac [debug release 17] to target\classes
[INFO] -------------------------------------------------------------
[WARNING] COMPILATION WARNING : 
[INFO] -------------------------------------------------------------
[WARNING] No processor claimed any of these annotations: /org.springframework.stereotype.Repository,/jakarta.persistence.Table,/jakarta.persistence.ManyToOne,/org.springframework.boot.autoconfigure.SpringBootApplication,/jakarta.persistence.Entity,/jakarta.persistence.GeneratedValue,/org.springframework.web.bind.annotation.DeleteMapping,/org.hibernate.annotations.CreationTimestamp,/org.springframework.web.bind.annotation.PostMapping,/io.swagger.v3.oas.annotations.tags.Tag,/org.springframework.beans.factory.annotation.Value,/org.springframework.stereotype.Component,/org.springframework.web.bind.annotation.PutMapping,/org.springframework.security.config.annotation.web.configuration.EnableWebSecurity,/org.springframework.transaction.annotation.Transactional,/org.hibernate.annotations.UpdateTimestamp,/org.springframework.web.bind.annotation.GetMapping,/org.springframework.context.annotation.Bean,/jakarta.persistence.Column,/org.springframework.web.bind.annotation.RestController,/io.swagger.v3.oas.annotations.Operation,/jakarta.persistence.JoinColumn,/org.springframework.web.bind.annotation.PatchMapping,/org.springframework.web.bind.annotation.RequestBody,/jakarta.persistence.Enumerated,/org.springframework.web.bind.annotation.PathVariable,/jakarta.persistence.Inheritance,/org.springframework.web.bind.annotation.RequestParam,/org.springframework.stereotype.Service,/io.swagger.v3.oas.annotations.security.SecurityScheme,/jakarta.persistence.Temporal,/org.springframework.context.annotation.Configuration,/jakarta.persistence.Id,/com.fasterxml.jackson.annotation.JsonIgnoreProperties,/org.springframework.web.bind.annotation.RequestMapping
[WARNING] /Z:/SP26/SWD/JobPortals/JobPortalData/src/main/java/com/jobportal/security/CustomUserDetails.java:[11,8] serializable class com.jobportal.security.CustomUserDetails has no definition of serialVersionUID
[WARNING] /Z:/SP26/SWD/JobPortals/JobPortalData/src/main/java/com/jobportal/security/CustomUserDetails.java:[13,24] non-transient instance field of a serializable class declared with a non-serializable type
[INFO] 3 warnings 
[INFO] -------------------------------------------------------------
[INFO] -------------------------------------------------------------
[ERROR] COMPILATION ERROR : 
[INFO] -------------------------------------------------------------
[ERROR] /Z:/SP26/SWD/JobPortals/JobPortalData/src/main/java/com/jobportal/controller/AuthController.java:[53,21] cannot find symbol
  symbol:   method companyName(java.lang.String)
  location: class com.jobportal.model.Recruiter.RecruiterBuilder<capture#1 of ?,capture#2 of ?>
[INFO] 1 error
[INFO] -------------------------------------------------------------
[INFO] ------------------------------------------------------------------------
[INFO] BUILD FAILURE
[INFO] ------------------------------------------------------------------------
[INFO] Total time:  12.369 s
[INFO] Finished at: 2026-03-20T12:41:24+07:00
[INFO] ------------------------------------------------------------------------
[ERROR] Failed to execute goal org.apache.maven.plugins:maven-compiler-plugin:3.11.0:compile (default-compile) on project job-portal-data: Compilation failure
[ERROR] /Z:/SP26/SWD/JobPortals/JobPortalData/src/main/java/com/jobportal/controller/AuthController.java:[53,21] cannot find symbol
[ERROR]   symbol:   method companyName(java.lang.String)
[ERROR]   location: class com.jobportal.model.Recruiter.RecruiterBuilder<capture#1 of ?,capture#2 of ?>
[ERROR] 
[ERROR] -> [Help 1]
[ERROR] 
[ERROR] To see the full stack trace of the errors, re-run Maven with the -e switch.
[ERROR] Re-run Maven using the -X switch to enable full debug logging.
[ERROR] 
[ERROR] For more information about the errors and possible solutions, please read the following articles:
[ERROR] [Help 1] http://cwiki.apache.org/confluence/display/MAVEN/MojoFailureException
