mvn : WARNING: A terminally deprecated method in sun.misc.Unsafe has been 
called
At line:1 char:1
+ mvn clean compile -f JobPortalData/pom.xml > JobPortalData/compile_er ...
+ ~~~~~~~~~~~~~~~~~~~~~~~~~~~~~~~~~~~~~~~~~~~~~~~~~~~~~~~~~~~~~~~~~~~~~
    + CategoryInfo          : NotSpecified: (WARNING: A term...has been calle 
   d:String) [], RemoteException
    + FullyQualifiedErrorId : NativeCommandError
 
WARNING: sun.misc.Unsafe::staticFieldBase has been called by 
com.google.inject.internal.aop.HiddenClassDefiner 
(file:/Z:/apache-maven-3.9.10/lib/guice-5.1.0-classes.jar)
WARNING: Please consider reporting this to the maintainers of class 
com.google.inject.internal.aop.HiddenClassDefiner
WARNING: sun.misc.Unsafe::staticFieldBase will be removed in a future release
[INFO] Scanning for projects...
[INFO] 
[INFO] -------------------< com.jobportal:job-portal-data >--------------------
[INFO] Building JobPortalData 0.0.1-SNAPSHOT
[INFO]   from pom.xml
[INFO] --------------------------------[ jar ]---------------------------------
[INFO] 
[INFO] --- clean:3.3.2:clean (default-clean) @ job-portal-data ---
[INFO] Deleting Z:\SP26\SWD\JobPortals\JobPortalData\target
[INFO] 
[INFO] --- resources:3.3.1:resources (default-resources) @ job-portal-data ---
[INFO] Copying 1 resource from src\main\resources to target\classes
[INFO] Copying 0 resource from src\main\resources to target\classes
[INFO] 
[INFO] --- compiler:3.11.0:compile (default-compile) @ job-portal-data ---
[INFO] Changes detected - recompiling the module! :source
[INFO] Compiling 40 source files with javac [debug release 17] to target\classes
[INFO] -------------------------------------------------------------
[ERROR] COMPILATION ERROR : 
[INFO] -------------------------------------------------------------
[ERROR] /Z:/SP26/SWD/JobPortals/JobPortalData/src/main/java/com/jobportal/controller/ApplicationController.java:[16,38] variable applicationService not initialized in the default constructor
[ERROR] /Z:/SP26/SWD/JobPortals/JobPortalData/src/main/java/com/jobportal/service/impl/VacancyServiceImpl.java:[25,20] cannot find symbol
  symbol:   method getRecruiter()
  location: variable vacancy of type com.jobportal.model.Vacancy
[ERROR] /Z:/SP26/SWD/JobPortals/JobPortalData/src/main/java/com/jobportal/service/impl/VacancyServiceImpl.java:[25,54] cannot find symbol
  symbol:   method getRecruiter()
  location: variable vacancy of type com.jobportal.model.Vacancy
[ERROR] /Z:/SP26/SWD/JobPortals/JobPortalData/src/main/java/com/jobportal/service/impl/VacancyServiceImpl.java:[26,71] cannot find symbol
  symbol:   method getRecruiter()
  location: variable vacancy of type com.jobportal.model.Vacancy
[ERROR] /Z:/SP26/SWD/JobPortals/JobPortalData/src/main/java/com/jobportal/service/impl/VacancyServiceImpl.java:[28,20] cannot find symbol
  symbol:   method setRecruiter(com.jobportal.model.Recruiter)
  location: variable vacancy of type com.jobportal.model.Vacancy
[ERROR] /Z:/SP26/SWD/JobPortals/JobPortalData/src/main/java/com/jobportal/service/impl/VacancyServiceImpl.java:[30,16] cannot find symbol
  symbol:   method setStatus(java.lang.String)
  location: variable vacancy of type com.jobportal.model.Vacancy
[ERROR] /Z:/SP26/SWD/JobPortals/JobPortalData/src/main/java/com/jobportal/service/impl/VacancyServiceImpl.java:[57,50] cannot find symbol
  symbol:   method getVacancyId()
  location: variable vacancy of type com.jobportal.model.Vacancy
[ERROR] /Z:/SP26/SWD/JobPortals/JobPortalData/src/main/java/com/jobportal/service/impl/VacancyServiceImpl.java:[60,20] cannot find symbol
  symbol:   method getRecruiter()
  location: variable vacancy of type com.jobportal.model.Vacancy
[ERROR] /Z:/SP26/SWD/JobPortals/JobPortalData/src/main/java/com/jobportal/service/impl/VacancyServiceImpl.java:[60,54] cannot find symbol
  symbol:   method getRecruiter()
  location: variable vacancy of type com.jobportal.model.Vacancy
[ERROR] /Z:/SP26/SWD/JobPortals/JobPortalData/src/main/java/com/jobportal/service/impl/VacancyServiceImpl.java:[61,71] cannot find symbol
  symbol:   method getRecruiter()
  location: variable vacancy of type com.jobportal.model.Vacancy
[ERROR] /Z:/SP26/SWD/JobPortals/JobPortalData/src/main/java/com/jobportal/service/impl/VacancyServiceImpl.java:[63,20] cannot find symbol
  symbol:   method setRecruiter(com.jobportal.model.Recruiter)
  location: variable vacancy of type com.jobportal.model.Vacancy
[ERROR] /Z:/SP26/SWD/JobPortals/JobPortalData/src/main/java/com/jobportal/controller/VacancyController.java:[28,20] cannot find symbol
  symbol:   method setRecruiter(com.jobportal.model.Recruiter)
  location: variable vacancy of type com.jobportal.model.Vacancy
[ERROR] /Z:/SP26/SWD/JobPortals/JobPortalData/src/main/java/com/jobportal/controller/VacancyController.java:[54,16] cannot find symbol
  symbol:   method setVacancyId(java.lang.Integer)
  location: variable vacancy of type com.jobportal.model.Vacancy
[ERROR] /Z:/SP26/SWD/JobPortals/JobPortalData/src/main/java/com/jobportal/service/impl/UserServiceImpl.java:[24,46] cannot find symbol
  symbol:   method getEmail()
  location: variable user of type com.jobportal.model.User
[ERROR] /Z:/SP26/SWD/JobPortals/JobPortalData/src/main/java/com/jobportal/service/impl/UserServiceImpl.java:[27,57] cannot find symbol
  symbol:   method getPasswordHash()
  location: variable user of type com.jobportal.model.User
[ERROR] /Z:/SP26/SWD/JobPortals/JobPortalData/src/main/java/com/jobportal/service/impl/UserServiceImpl.java:[34,71] cannot find symbol
  symbol:   method getPasswordHash()
  location: variable user of type com.jobportal.model.User
[ERROR] /Z:/SP26/SWD/JobPortals/JobPortalData/src/main/java/com/jobportal/service/impl/UserServiceImpl.java:[57,13] cannot find symbol
  symbol:   method setStatus(com.jobportal.model.enums.AccountStatus)
  location: variable user of type com.jobportal.model.User
[ERROR] /Z:/SP26/SWD/JobPortals/JobPortalData/src/main/java/com/jobportal/service/impl/ApplicationServiceImpl.java:[24,20] cannot find symbol
  symbol:   method setStatus(java.lang.String)
  location: variable application of type com.jobportal.model.Application
[ERROR] /Z:/SP26/SWD/JobPortals/JobPortalData/src/main/java/com/jobportal/service/impl/ApplicationServiceImpl.java:[48,20] cannot find symbol
  symbol:   method setStatus(java.lang.String)
  location: variable application of type com.jobportal.model.Application
[ERROR] /Z:/SP26/SWD/JobPortals/JobPortalData/src/main/java/com/jobportal/controller/AuthController.java:[34,20] cannot find symbol
  symbol:   method getRole()
  location: variable request of type com.jobportal.dto.RegisterRequest
[ERROR] /Z:/SP26/SWD/JobPortals/JobPortalData/src/main/java/com/jobportal/controller/AuthController.java:[35,29] cannot find symbol
  symbol:   method builder()
  location: class com.jobportal.model.Applicant
[ERROR] /Z:/SP26/SWD/JobPortals/JobPortalData/src/main/java/com/jobportal/controller/AuthController.java:[36,35] cannot find symbol
  symbol:   method getEmail()
  location: variable request of type com.jobportal.dto.RegisterRequest
[ERROR] /Z:/SP26/SWD/JobPortals/JobPortalData/src/main/java/com/jobportal/controller/AuthController.java:[37,42] cannot find symbol
  symbol:   method getPassword()
  location: variable request of type com.jobportal.dto.RegisterRequest
[ERROR] /Z:/SP26/SWD/JobPortals/JobPortalData/src/main/java/com/jobportal/controller/AuthController.java:[40,38] cannot find symbol
  symbol:   method getFullName()
  location: variable request of type com.jobportal.dto.RegisterRequest
[ERROR] /Z:/SP26/SWD/JobPortals/JobPortalData/src/main/java/com/jobportal/controller/AuthController.java:[42,27] cannot find symbol
  symbol:   method getRole()
  location: variable request of type com.jobportal.dto.RegisterRequest
[ERROR] /Z:/SP26/SWD/JobPortals/JobPortalData/src/main/java/com/jobportal/controller/AuthController.java:[43,29] cannot find symbol
  symbol:   method builder()
  location: class com.jobportal.model.Recruiter
[ERROR] /Z:/SP26/SWD/JobPortals/JobPortalData/src/main/java/com/jobportal/controller/AuthController.java:[44,35] cannot find symbol
  symbol:   method getEmail()
  location: variable request of type com.jobportal.dto.RegisterRequest
[ERROR] /Z:/SP26/SWD/JobPortals/JobPortalData/src/main/java/com/jobportal/controller/AuthController.java:[45,42] cannot find symbol
  symbol:   method getPassword()
  location: variable request of type com.jobportal.dto.RegisterRequest
[ERROR] /Z:/SP26/SWD/JobPortals/JobPortalData/src/main/java/com/jobportal/controller/AuthController.java:[48,41] cannot find symbol
  symbol:   method getCompanyName()
  location: variable request of type com.jobportal.dto.RegisterRequest
[ERROR] /Z:/SP26/SWD/JobPortals/JobPortalData/src/main/java/com/jobportal/controller/AuthController.java:[61,64] cannot find symbol
  symbol:   method getEmail()
  location: variable request of type com.jobportal.dto.LoginRequest
[ERROR] /Z:/SP26/SWD/JobPortals/JobPortalData/src/main/java/com/jobportal/controller/AuthController.java:[61,84] cannot find symbol
  symbol:   method getPassword()
  location: variable request of type com.jobportal.dto.LoginRequest
[ERROR] /Z:/SP26/SWD/JobPortals/JobPortalData/src/main/java/com/jobportal/controller/AuthController.java:[63,72] cannot find symbol
  symbol:   method getEmail()
  location: variable request of type com.jobportal.dto.LoginRequest
[ERROR] /Z:/SP26/SWD/JobPortals/JobPortalData/src/main/java/com/jobportal/controller/AuthController.java:[69,46] cannot find symbol
  symbol:   method builder()
  location: class com.jobportal.dto.AuthResponse
[ERROR] /Z:/SP26/SWD/JobPortals/JobPortalData/src/main/java/com/jobportal/controller/AuthController.java:[76,28] cannot find symbol
  symbol:   method builder()
  location: class com.jobportal.dto.UserResponse
[ERROR] /Z:/SP26/SWD/JobPortals/JobPortalData/src/main/java/com/jobportal/controller/AuthController.java:[77,29] cannot find symbol
  symbol:   method getUserId()
  location: variable user of type com.jobportal.model.User
[ERROR] /Z:/SP26/SWD/JobPortals/JobPortalData/src/main/java/com/jobportal/controller/AuthController.java:[78,28] cannot find symbol
  symbol:   method getEmail()
  location: variable user of type com.jobportal.model.User
[ERROR] /Z:/SP26/SWD/JobPortals/JobPortalData/src/main/java/com/jobportal/controller/AuthController.java:[79,27] cannot find symbol
  symbol:   method getRole()
  location: variable user of type com.jobportal.model.User
[ERROR] /Z:/SP26/SWD/JobPortals/JobPortalData/src/main/java/com/jobportal/controller/AuthController.java:[80,29] cannot find symbol
  symbol:   method getStatus()
  location: variable user of type com.jobportal.model.User
[ERROR] /Z:/SP26/SWD/JobPortals/JobPortalData/src/main/java/com/jobportal/security/CustomUserDetails.java:[21,79] cannot find symbol
  symbol:   method getRole()
  location: variable user of type com.jobportal.model.User
[ERROR] /Z:/SP26/SWD/JobPortals/JobPortalData/src/main/java/com/jobportal/security/CustomUserDetails.java:[26,20] cannot find symbol
  symbol:   method getPasswordHash()
  location: variable user of type com.jobportal.model.User
[ERROR] /Z:/SP26/SWD/JobPortals/JobPortalData/src/main/java/com/jobportal/security/CustomUserDetails.java:[31,20] cannot find symbol
  symbol:   method getEmail()
  location: variable user of type com.jobportal.model.User
[INFO] 41 errors 
[INFO] -------------------------------------------------------------
[INFO] ------------------------------------------------------------------------
[INFO] BUILD FAILURE
[INFO] ------------------------------------------------------------------------
[INFO] Total time:  4.748 s
[INFO] Finished at: 2026-03-19T17:22:22+07:00
[INFO] ------------------------------------------------------------------------
[ERROR] Failed to execute goal org.apache.maven.plugins:maven-compiler-plugin:3.11.0:compile (default-compile) on project job-portal-data: Compilation failure: Compilation failure: 
[ERROR] /Z:/SP26/SWD/JobPortals/JobPortalData/src/main/java/com/jobportal/controller/ApplicationController.java:[16,38] variable applicationService not initialized in the default constructor
[ERROR] /Z:/SP26/SWD/JobPortals/JobPortalData/src/main/java/com/jobportal/service/impl/VacancyServiceImpl.java:[25,20] cannot find symbol
[ERROR]   symbol:   method getRecruiter()
[ERROR]   location: variable vacancy of type com.jobportal.model.Vacancy
[ERROR] /Z:/SP26/SWD/JobPortals/JobPortalData/src/main/java/com/jobportal/service/impl/VacancyServiceImpl.java:[25,54] cannot find symbol
[ERROR]   symbol:   method getRecruiter()
[ERROR]   location: variable vacancy of type com.jobportal.model.Vacancy
[ERROR] /Z:/SP26/SWD/JobPortals/JobPortalData/src/main/java/com/jobportal/service/impl/VacancyServiceImpl.java:[26,71] cannot find symbol
[ERROR]   symbol:   method getRecruiter()
[ERROR]   location: variable vacancy of type com.jobportal.model.Vacancy
[ERROR] /Z:/SP26/SWD/JobPortals/JobPortalData/src/main/java/com/jobportal/service/impl/VacancyServiceImpl.java:[28,20] cannot find symbol
[ERROR]   symbol:   method setRecruiter(com.jobportal.model.Recruiter)
[ERROR]   location: variable vacancy of type com.jobportal.model.Vacancy
[ERROR] /Z:/SP26/SWD/JobPortals/JobPortalData/src/main/java/com/jobportal/service/impl/VacancyServiceImpl.java:[30,16] cannot find symbol
[ERROR]   symbol:   method setStatus(java.lang.String)
[ERROR]   location: variable vacancy of type com.jobportal.model.Vacancy
[ERROR] /Z:/SP26/SWD/JobPortals/JobPortalData/src/main/java/com/jobportal/service/impl/VacancyServiceImpl.java:[57,50] cannot find symbol
[ERROR]   symbol:   method getVacancyId()
[ERROR]   location: variable vacancy of type com.jobportal.model.Vacancy
[ERROR] /Z:/SP26/SWD/JobPortals/JobPortalData/src/main/java/com/jobportal/service/impl/VacancyServiceImpl.java:[60,20] cannot find symbol
[ERROR]   symbol:   method getRecruiter()
[ERROR]   location: variable vacancy of type com.jobportal.model.Vacancy
[ERROR] /Z:/SP26/SWD/JobPortals/JobPortalData/src/main/java/com/jobportal/service/impl/VacancyServiceImpl.java:[60,54] cannot find symbol
[ERROR]   symbol:   method getRecruiter()
[ERROR]   location: variable vacancy of type com.jobportal.model.Vacancy
[ERROR] /Z:/SP26/SWD/JobPortals/JobPortalData/src/main/java/com/jobportal/service/impl/VacancyServiceImpl.java:[61,71] cannot find symbol
[ERROR]   symbol:   method getRecruiter()
[ERROR]   location: variable vacancy of type com.jobportal.model.Vacancy
[ERROR] /Z:/SP26/SWD/JobPortals/JobPortalData/src/main/java/com/jobportal/service/impl/VacancyServiceImpl.java:[63,20] cannot find symbol
[ERROR]   symbol:   method setRecruiter(com.jobportal.model.Recruiter)
[ERROR]   location: variable vacancy of type com.jobportal.model.Vacancy
[ERROR] /Z:/SP26/SWD/JobPortals/JobPortalData/src/main/java/com/jobportal/controller/VacancyController.java:[28,20] cannot find symbol
[ERROR]   symbol:   method setRecruiter(com.jobportal.model.Recruiter)
[ERROR]   location: variable vacancy of type com.jobportal.model.Vacancy
[ERROR] /Z:/SP26/SWD/JobPortals/JobPortalData/src/main/java/com/jobportal/controller/VacancyController.java:[54,16] cannot find symbol
[ERROR]   symbol:   method setVacancyId(java.lang.Integer)
[ERROR]   location: variable vacancy of type com.jobportal.model.Vacancy
[ERROR] /Z:/SP26/SWD/JobPortals/JobPortalData/src/main/java/com/jobportal/service/impl/UserServiceImpl.java:[24,46] cannot find symbol
[ERROR]   symbol:   method getEmail()
[ERROR]   location: variable user of type com.jobportal.model.User
[ERROR] /Z:/SP26/SWD/JobPortals/JobPortalData/src/main/java/com/jobportal/service/impl/UserServiceImpl.java:[27,57] cannot find symbol
[ERROR]   symbol:   method getPasswordHash()
[ERROR]   location: variable user of type com.jobportal.model.User
[ERROR] /Z:/SP26/SWD/JobPortals/JobPortalData/src/main/java/com/jobportal/service/impl/UserServiceImpl.java:[34,71] cannot find symbol
[ERROR]   symbol:   method getPasswordHash()
[ERROR]   location: variable user of type com.jobportal.model.User
[ERROR] /Z:/SP26/SWD/JobPortals/JobPortalData/src/main/java/com/jobportal/service/impl/UserServiceImpl.java:[57,13] cannot find symbol
[ERROR]   symbol:   method setStatus(com.jobportal.model.enums.AccountStatus)
[ERROR]   location: variable user of type com.jobportal.model.User
[ERROR] /Z:/SP26/SWD/JobPortals/JobPortalData/src/main/java/com/jobportal/service/impl/ApplicationServiceImpl.java:[24,20] cannot find symbol
[ERROR]   symbol:   method setStatus(java.lang.String)
[ERROR]   location: variable application of type com.jobportal.model.Application
[ERROR] /Z:/SP26/SWD/JobPortals/JobPortalData/src/main/java/com/jobportal/service/impl/ApplicationServiceImpl.java:[48,20] cannot find symbol
[ERROR]   symbol:   method setStatus(java.lang.String)
[ERROR]   location: variable application of type com.jobportal.model.Application
[ERROR] /Z:/SP26/SWD/JobPortals/JobPortalData/src/main/java/com/jobportal/controller/AuthController.java:[34,20] cannot find symbol
[ERROR]   symbol:   method getRole()
[ERROR]   location: variable request of type com.jobportal.dto.RegisterRequest
[ERROR] /Z:/SP26/SWD/JobPortals/JobPortalData/src/main/java/com/jobportal/controller/AuthController.java:[35,29] cannot find symbol
[ERROR]   symbol:   method builder()
[ERROR]   location: class com.jobportal.model.Applicant
[ERROR] /Z:/SP26/SWD/JobPortals/JobPortalData/src/main/java/com/jobportal/controller/AuthController.java:[36,35] cannot find symbol
[ERROR]   symbol:   method getEmail()
[ERROR]   location: variable request of type com.jobportal.dto.RegisterRequest
[ERROR] /Z:/SP26/SWD/JobPortals/JobPortalData/src/main/java/com/jobportal/controller/AuthController.java:[37,42] cannot find symbol
[ERROR]   symbol:   method getPassword()
[ERROR]   location: variable request of type com.jobportal.dto.RegisterRequest
[ERROR] /Z:/SP26/SWD/JobPortals/JobPortalData/src/main/java/com/jobportal/controller/AuthController.java:[40,38] cannot find symbol
[ERROR]   symbol:   method getFullName()
[ERROR]   location: variable request of type com.jobportal.dto.RegisterRequest
[ERROR] /Z:/SP26/SWD/JobPortals/JobPortalData/src/main/java/com/jobportal/controller/AuthController.java:[42,27] cannot find symbol
[ERROR]   symbol:   method getRole()
[ERROR]   location: variable request of type com.jobportal.dto.RegisterRequest
[ERROR] /Z:/SP26/SWD/JobPortals/JobPortalData/src/main/java/com/jobportal/controller/AuthController.java:[43,29] cannot find symbol
[ERROR]   symbol:   method builder()
[ERROR]   location: class com.jobportal.model.Recruiter
[ERROR] /Z:/SP26/SWD/JobPortals/JobPortalData/src/main/java/com/jobportal/controller/AuthController.java:[44,35] cannot find symbol
[ERROR]   symbol:   method getEmail()
[ERROR]   location: variable request of type com.jobportal.dto.RegisterRequest
[ERROR] /Z:/SP26/SWD/JobPortals/JobPortalData/src/main/java/com/jobportal/controller/AuthController.java:[45,42] cannot find symbol
[ERROR]   symbol:   method getPassword()
[ERROR]   location: variable request of type com.jobportal.dto.RegisterRequest
[ERROR] /Z:/SP26/SWD/JobPortals/JobPortalData/src/main/java/com/jobportal/controller/AuthController.java:[48,41] cannot find symbol
[ERROR]   symbol:   method getCompanyName()
[ERROR]   location: variable request of type com.jobportal.dto.RegisterRequest
[ERROR] /Z:/SP26/SWD/JobPortals/JobPortalData/src/main/java/com/jobportal/controller/AuthController.java:[61,64] cannot find symbol
[ERROR]   symbol:   method getEmail()
[ERROR]   location: variable request of type com.jobportal.dto.LoginRequest
[ERROR] /Z:/SP26/SWD/JobPortals/JobPortalData/src/main/java/com/jobportal/controller/AuthController.java:[61,84] cannot find symbol
[ERROR]   symbol:   method getPassword()
[ERROR]   location: variable request of type com.jobportal.dto.LoginRequest
[ERROR] /Z:/SP26/SWD/JobPortals/JobPortalData/src/main/java/com/jobportal/controller/AuthController.java:[63,72] cannot find symbol
[ERROR]   symbol:   method getEmail()
[ERROR]   location: variable request of type com.jobportal.dto.LoginRequest
[ERROR] /Z:/SP26/SWD/JobPortals/JobPortalData/src/main/java/com/jobportal/controller/AuthController.java:[69,46] cannot find symbol
[ERROR]   symbol:   method builder()
[ERROR]   location: class com.jobportal.dto.AuthResponse
[ERROR] /Z:/SP26/SWD/JobPortals/JobPortalData/src/main/java/com/jobportal/controller/AuthController.java:[76,28] cannot find symbol
[ERROR]   symbol:   method builder()
[ERROR]   location: class com.jobportal.dto.UserResponse
[ERROR] /Z:/SP26/SWD/JobPortals/JobPortalData/src/main/java/com/jobportal/controller/AuthController.java:[77,29] cannot find symbol
[ERROR]   symbol:   method getUserId()
[ERROR]   location: variable user of type com.jobportal.model.User
[ERROR] /Z:/SP26/SWD/JobPortals/JobPortalData/src/main/java/com/jobportal/controller/AuthController.java:[78,28] cannot find symbol
[ERROR]   symbol:   method getEmail()
[ERROR]   location: variable user of type com.jobportal.model.User
[ERROR] /Z:/SP26/SWD/JobPortals/JobPortalData/src/main/java/com/jobportal/controller/AuthController.java:[79,27] cannot find symbol
[ERROR]   symbol:   method getRole()
[ERROR]   location: variable user of type com.jobportal.model.User
[ERROR] /Z:/SP26/SWD/JobPortals/JobPortalData/src/main/java/com/jobportal/controller/AuthController.java:[80,29] cannot find symbol
[ERROR]   symbol:   method getStatus()
[ERROR]   location: variable user of type com.jobportal.model.User
[ERROR] /Z:/SP26/SWD/JobPortals/JobPortalData/src/main/java/com/jobportal/security/CustomUserDetails.java:[21,79] cannot find symbol
[ERROR]   symbol:   method getRole()
[ERROR]   location: variable user of type com.jobportal.model.User
[ERROR] /Z:/SP26/SWD/JobPortals/JobPortalData/src/main/java/com/jobportal/security/CustomUserDetails.java:[26,20] cannot find symbol
[ERROR]   symbol:   method getPasswordHash()
[ERROR]   location: variable user of type com.jobportal.model.User
[ERROR] /Z:/SP26/SWD/JobPortals/JobPortalData/src/main/java/com/jobportal/security/CustomUserDetails.java:[31,20] cannot find symbol
[ERROR]   symbol:   method getEmail()
[ERROR]   location: variable user of type com.jobportal.model.User
[ERROR] -> [Help 1]
[ERROR] 
[ERROR] To see the full stack trace of the errors, re-run Maven with the -e switch.
[ERROR] Re-run Maven using the -X switch to enable full debug logging.
[ERROR] 
[ERROR] For more information about the errors and possible solutions, please read the following articles:
[ERROR] [Help 1] http://cwiki.apache.org/confluence/display/MAVEN/MojoFailureException
